{
  "parameters": [
    {
      "Name": "LabelColumnName",
      "ValueText": "Label"
    },
    {
      "Name": "FeatureColumnName",
      "ValueText": "Features"
    },
    {
      "Name": "NumberOfLeaves",
      "ValueText": "100"
    },
    {
      "Name": "NumberOfTrees",
      "ValueText": "32"
    },
    {
      "Name": "MinimumExampleCountPerLeaf",
      "ValueText": "10"
    }
  ],
  "name": "FastForestBinaryTrainer",
  "input_column": [
    "label",
    "feature"
  ],
  "output_column": [
    "PredictedLabel"
  ]
}