{
  "parameters": [
    {
      "Name": "LabelColumnName",
      "ValueText": "Label"
    },
    {
      "Name": "FeatureColumnName",
      "ValueText": "Features"
    },
    {
      "Name": "L1Regularization",
      "ValueText": "0.31622776"
    },
    {
      "Name": "L2Regularization",
      "ValueText": "0.031622775"
    },
    {
      "Name": "MaximumNumberOfIterations",
      "ValueText": "16"
    }
  ],
  "name": "SdcaLogisticRegressionBinaryTrainer",
  "input_column": [
    "label",
    "feature"
  ],
  "output_column": [
    "PredictedLabel"
  ]
}