{
  "parameters": [
    {
      "Name": "L2Regularization",
      "ValueText": "0.044721358"
    },
    {
      "Name": "L1Regularization",
      "ValueText": "0.3"
    },
    {
      "Name": "BiasLearningRate",
      "ValueText": "0.031622775"
    }
  ],
  "name": "CustomSdca",
  "input_column": [
    "Features"
  ],
  "output_column": [
    "Score"
  ]
}