{
  "parameters": [
    {
      "Name": "L2Regularization",
      "ValueText": "0.031622775"
    },
    {
      "Name": "L1Reegularization",
      "ValueText": "0.031622775"
    }
  ],
  "name": "SdcaNonCalibratedMulticlassTrainer",
  "input_column": [
    "feature"
  ],
  "output_column": [
    "PredictedLabel"
  ]
}