{
  "parameters": [
    {
      "Name": "LabelColumnName",
      "ValueText": "Label"
    },
    {
      "Name": "FeatureColumnName",
      "ValueText": "Features"
    },
    {
      "Name": "NumberOfIterations",
      "ValueText": "32"
    },
    {
      "Name": "LearningRate",
      "ValueText": "0.010000000000000004"
    },
    {
      "Name": "L2Regularization",
      "ValueText": "0.000100000005"
    }
  ],
  "name": "SgdCalibratedTrainer",
  "input_column": [
    "label",
    "feature"
  ],
  "output_column": [
    "PredictedLabel"
  ]
}