{
  "parameters": null,
  "name": "NaiveBayesMulticlassTrainer",
  "input_column": [
    "feature"
  ],
  "output_column": [
    "PredictedLabel"
  ]
}