context.prefix.trainer(123=123,456=456,789=789)
.Append(context.prefix.transformer(123=123,456=456,789=789));
